\BOOKMARK [1][-]{section.0.1}{\376\377\000P\000r\000e\000s\000e\000n\000t\000a\000c\000i\000\363\000n}{}% 1
\BOOKMARK [1][-]{section.0.2}{\376\377\000H\000o\000j\000a\000\040\000d\000e\000\040\000r\000u\000t\000a}{}% 2
\BOOKMARK [1][-]{section.0.3}{\376\377\000T\000\355\000t\000u\000l\000o\000\040\000I\000n\000t\000r\000o}{}% 3
\BOOKMARK [1][-]{section.0.4}{\376\377\000H\000i\000s\000t\000o\000r\000i\000a\000\040\000d\000e\000l\000\040\000U\000n\000i\000v\000e\000r\000s\000o}{}% 4
\BOOKMARK [1][-]{section.0.5}{\376\377\000I\000n\000f\000l\000a\000c\000i\000\363\000n}{}% 5
\BOOKMARK [1][-]{section.0.6}{\376\377\000s\000l\000o\000w\000-\000r\000o\000l\000l}{}% 6
\BOOKMARK [1][-]{section.0.7}{\376\377\000P\000e\000r\000t\000u\000r\000b\000a\000c\000i\000o\000n\000e\000s\000\040\000i\000n\000f\000l\000a\000c\000i\000\363\000n}{}% 7
\BOOKMARK [1][-]{section.0.8}{\376\377\000R\000e\000c\000a\000l\000e\000n\000t\000a\000m\000i\000e\000n\000t\000o}{}% 8
\BOOKMARK [1][-]{section.0.9}{\376\377\000P\000r\000e\000h\000e\000a\000t\000i\000n\000g}{}% 9
\BOOKMARK [1][-]{section.0.10}{\376\377\000o\000m\000e\000g\000a\000\040\000e\000f\000e\000c\000t\000i\000v\000o}{}% 10
\BOOKMARK [1][-]{section.0.11}{\376\377\000G\000W\000s}{}% 11
\BOOKMARK [1][-]{section.0.12}{\376\377\000G\000W\000\040\000e\000n\000\040\000C\000o\000s\000m\000o}{}% 12
\BOOKMARK [1][-]{section.0.13}{\376\377\000E\000c\000u\000a\000c\000i\000o\000n\000\040\000d\000e\000\040\000o\000n\000d\000a\000\040\000C\000o\000s\000m\000o}{}% 13
\BOOKMARK [1][-]{section.0.14}{\376\377\000F\000o\000n\000d\000o\000s\000\040\000e\000s\000t\000o\000c\000\341\000s\000t\000i\000c\000o\000s}{}% 14
\BOOKMARK [1][-]{section.0.15}{\376\377\000D\000e\000t\000e\000c\000c\000i\000\363\000n\000\040\000d\000e\000\040\000S\000G\000W\000B}{}% 15
\BOOKMARK [1][-]{section.0.16}{\376\377\000F\000u\000e\000n\000t\000e\000s\000\040\000y\000\040\000d\000e\000t\000e\000c\000t\000o\000r\000e\000s\000\040\000d\000e\000\040\000S\000G\000W\000B}{}% 16
\BOOKMARK [1][-]{section.0.17}{\376\377\000E\000M\000R\000C}{}% 17
\BOOKMARK [1][-]{section.0.18}{\376\377\000T\000i\000t\000u\000l\000o\000\040\000P\000r\000e\000h\000e\000a\000t\000i\000n\000g\000\040\000L\000i\000n\000e\000a\000l}{}% 18
\BOOKMARK [1][-]{section.0.19}{\376\377\000I\000n\000d\000i\000c\000e\000\040\000P\000r\000e\000h\000e\000a\000t\000i\000n\000g}{}% 19
\BOOKMARK [1][-]{section.0.20}{\376\377\000R\000e\000s\000o\000n\000a\000n\000c\000i\000a\000\040\000P\000a\000r\000a\000m\000\351\000t\000r\000i\000c\000a}{}% 20
\BOOKMARK [1][-]{section.0.21}{\376\377\000P\000e\000r\000t\000u\000r\000b\000a\000c\000i\000o\000n\000e\000s}{}% 21
\BOOKMARK [1][-]{section.0.22}{\376\377\000A\000n\000\341\000l\000i\000s\000i\000s\000\040\000d\000e\000\040\000F\000l\000o\000q\000u\000e\000t}{}% 22
\BOOKMARK [1][-]{section.0.23}{\376\377\000A\000m\000p\000l\000i\000f\000i\000c\000a\000c\000i\000\363\000n\000\040\000p\000o\000r\000\040\000b\000a\000n\000d\000a\000s}{}% 23
\BOOKMARK [1][-]{section.0.24}{\376\377\000T\000i\000p\000o\000s\000\040\000d\000e\000\040\000r\000e\000s\000o\000n\000a\000n\000c\000i\000a\000:\000\040\000N\000a\000r\000r\000o\000w}{}% 24
\BOOKMARK [1][-]{section.0.25}{\376\377\000T\000i\000p\000o\000s\000\040\000d\000e\000\040\000r\000e\000s\000o\000n\000a\000n\000c\000i\000a\000:\000\040\000B\000r\000o\000a\000d}{}% 25
\BOOKMARK [1][-]{section.0.26}{\376\377\000D\000i\000n\000\341\000m\000i\000c\000a\000\040\000c\000o\000n\000\040\000e\000x\000p\000a\000n\000s\000i\000\363\000n}{}% 26
\BOOKMARK [1][-]{section.0.27}{\376\377\000C\000o\000n\000e\000x\000i\000\363\000n\000\040\000a\000\040\000C\000o\000s\000m\000o\000L\000a\000t\000t\000i\000c\000e}{}% 27
