\BOOKMARK [1][-]{section.1}{\376\377\000C\000o\000s\000m\000o\000l\000o\000g\000i\000c\000a\000l\000\040\000B\000a\000c\000k\000g\000r\000o\000u\000n\000d\000s\000\040\000o\000f\000\040\000G\000r\000a\000v\000i\000t\000a\000t\000i\000o\000n\000a\000l\000\040\000W\000a\000v\000e\000s}{}% 1
\BOOKMARK [2][-]{subsection.1.1}{\376\377\000I\000n\000t\000r\000o\000d\000u\000c\000t\000i\000o\000n\000.\000\040\000G\000r\000a\000v\000i\000t\000a\000t\000i\000o\000n\000a\000l\000\040\000w\000a\000v\000e\000s\000,\000\040\000p\000r\000o\000b\000e\000\040\000o\000f\000\040\000t\000h\000e\000\040\000e\000a\000r\000l\000y\000\040\000u\000n\000i\000v\000e\000r\000s\000e}{section.1}% 2
\BOOKMARK [2][-]{subsection.1.2}{\376\377\000D\000e\000f\000i\000n\000i\000t\000i\000o\000n\000\040\000o\000f\000\040\000g\000r\000a\000v\000i\000t\000a\000t\000i\000o\000n\000a\000l\000\040\000w\000a\000v\000e\000s}{section.1}% 3
\BOOKMARK [3][-]{subsubsection.1.2.1}{\376\377\000L\000i\000n\000e\000a\000r\000i\000z\000e\000d\000\040\000t\000h\000e\000o\000r\000y\000\040\000i\000n\000\040\000v\000a\000c\000u\000u\000m\000:\000\040\000t\000h\000e\000\040\000t\000r\000a\000n\000s\000v\000e\000r\000s\000e\000-\000t\000r\000e\000c\000e\000l\000e\000s\000s\000\040\000g\000a\000u\000g\000e}{subsection.1.2}% 4
\BOOKMARK [3][-]{subsubsection.1.2.2}{\376\377\000L\000i\000n\000e\000a\000r\000i\000z\000e\000d\000\040\000t\000h\000e\000o\000r\000y\000\040\000i\000n\000\040\000m\000a\000t\000t\000e\000r\000:\000\040\000s\000c\000a\000l\000a\000r\000-\000v\000e\000c\000t\000o\000r\000-\000t\000e\000n\000s\000o\000r\000\040\000d\000e\000c\000o\000m\000p\000o\000s\000i\000t\000i\000o\000n}{subsection.1.2}% 5
\BOOKMARK [3][-]{subsubsection.1.2.3}{\376\377\000G\000r\000a\000v\000i\000t\000a\000t\000i\000o\000n\000a\000l\000\040\000w\000a\000v\000e\000s\000\040\000i\000n\000\040\000a\000\040\000c\000u\000r\000v\000e\000d\000\040\000b\000a\000c\000k\000g\000r\000o\000u\000n\000d}{subsection.1.2}% 6
\BOOKMARK [3][-]{subsubsection.1.2.4}{\376\377\000P\000r\000o\000p\000a\000g\000a\000t\000i\000o\000n\000\040\000o\000f\000\040\000g\000r\000a\000v\000i\000t\000a\000t\000i\000o\000n\000a\000l\000\040\000w\000a\000v\000e\000s\000\040\000i\000n\000\040\000e\000x\000p\000a\000n\000d\000i\000n\000g\000\040\000b\000a\000c\000k\000g\000r\000o\000u\000n\000d\000s}{subsection.1.2}% 7
\BOOKMARK [2][-]{subsection.1.3}{\376\377\000C\000o\000s\000m\000o\000l\000o\000g\000i\000c\000a\000l\000\040\000\050\000e\000r\000g\000o\000\040\000s\000t\000o\000c\000h\000a\000s\000t\000i\000c\000\051\000\040\000g\000r\000a\000v\000i\000t\000a\000t\000i\000o\000n\000a\000l\000\040\000w\000a\000v\000e\000\040\000b\000a\000c\000k\000g\000r\000o\000u\000n\000d\000s}{section.1}% 8
\BOOKMARK [3][-]{subsubsection.1.3.1}{\376\377\000S\000t\000o\000c\000h\000a\000s\000t\000i\000c\000\040\000n\000a\000t\000u\000r\000e\000\040\000o\000f\000\040\000c\000o\000s\000m\000o\000l\000o\000g\000i\000c\000a\000l\000\040\000b\000a\000c\000k\000g\000r\000o\000u\000n\000d\000s}{subsection.1.3}% 9
\BOOKMARK [3][-]{subsubsection.1.3.2}{\376\377\000C\000h\000a\000r\000a\000c\000t\000e\000r\000i\000z\000a\000t\000i\000o\000n\000\040\000o\000f\000\040\000a\000\040\000s\000t\000o\000c\000h\000a\000s\000t\000i\000c\000\040\000g\000r\000a\000v\000i\000t\000a\000t\000i\000o\000n\000a\000l\000\040\000w\000a\000v\000e\000\040\000b\000a\000c\000k\000g\000r\000o\000u\000n\000d}{subsection.1.3}% 10
\BOOKMARK [3][-]{subsubsection.1.3.3}{\376\377\000P\000r\000o\000p\000a\000g\000a\000t\000i\000o\000n\000\040\000o\000f\000\040\000g\000r\000a\000v\000i\000t\000a\000t\000i\000o\000n\000a\000l\000\040\000w\000a\000v\000e\000s\000\040\000t\000h\000r\000o\000u\000g\000h\000\040\000c\000o\000s\000m\000i\000c\000\040\000h\000i\000s\000t\000o\000r\000y}{subsection.1.3}% 11
\BOOKMARK [3][-]{subsubsection.1.3.4}{\376\377\000G\000r\000a\000v\000i\000t\000a\000t\000i\000o\000n\000a\000l\000\040\000w\000a\000v\000e\000\040\000s\000p\000e\000c\000t\000r\000u\000m\000\040\000b\000y\000\040\000a\000\040\000g\000e\000n\000e\000r\000i\000c\000\040\000s\000t\000o\000c\000h\000a\000s\000t\000i\000c\000\040\000s\000o\000u\000r\000c\000e}{subsection.1.3}% 12
\BOOKMARK [2][-]{subsection.1.4}{\376\377\000B\000o\000u\000n\000d\000s\000\040\000a\000n\000d\000\040\000d\000e\000t\000e\000c\000t\000o\000r\000s}{section.1}% 13
\BOOKMARK [3][-]{subsubsection.1.4.1}{\376\377\000C\000o\000n\000s\000t\000r\000a\000i\000n\000t\000s\000\040\000o\000n\000\040\000t\000h\000e\000\040\000g\000r\000a\000v\000i\000t\000a\000t\000i\000o\000n\000a\000l\000\040\000w\000a\000v\000e\000\040\000b\000a\000c\000k\000g\000r\000o\000u\000n\000d\000\040\000e\000n\000e\000r\000g\000y\000\040\000d\000e\000n\000s\000i\000t\000y}{subsection.1.4}% 14
\BOOKMARK [3][-]{subsubsection.1.4.2}{\376\377\000C\000o\000n\000s\000t\000r\000a\000i\000n\000t\000s\000\040\000f\000r\000o\000m\000\040\000C\000o\000s\000m\000i\000c\000\040\000M\000i\000c\000r\000o\000w\000a\000v\000e\000\040\000B\000a\000c\000k\000g\000r\000o\000u\000n\000d\000\040\000a\000n\000i\000s\000o\000t\000r\000o\000p\000i\000e\000s}{subsection.1.4}% 15
\BOOKMARK [3][-]{subsubsection.1.4.3}{\376\377\000P\000u\000l\000s\000a\000r\000\040\000t\000i\000m\000i\000n\000g\000\040\000\050\000a\000r\000r\000a\000y\000s\000\051}{subsection.1.4}% 16
\BOOKMARK [3][-]{subsubsection.1.4.4}{\376\377\000G\000r\000a\000v\000i\000t\000a\000t\000i\000o\000n\000a\000l\000\040\000w\000a\000v\000e\000s\000\040\000i\000n\000t\000e\000r\000f\000e\000r\000o\000m\000e\000t\000e\000r\000s}{subsection.1.4}% 17
\BOOKMARK [4][-]{paragraph.1.4.4.1}{\376\377\000P\000r\000i\000n\000c\000i\000p\000l\000e\000s\000\040\000o\000f\000\040\000d\000e\000t\000e\000c\000t\000i\000o\000n\000\040\000o\000f\000\040\000a\000\040\000s\000t\000o\000c\000h\000a\000s\000t\000i\000c\000\040\000b\000a\000c\000k\000g\000r\000o\000u\000n\000d}{subsubsection.1.4.4}% 18
\BOOKMARK [2][-]{subsection.1.5}{\376\377\000I\000n\000f\000l\000a\000t\000i\000o\000n\000a\000r\000y\000\040\000p\000e\000r\000i\000o\000d\000,\000\040\000p\000a\000r\000t\000\040\000I\000:\000\040\000i\000r\000r\000e\000d\000u\000c\000i\000b\000l\000e\000\040\000G\000W\000\040\000b\000a\000c\000k\000g\000r\000o\000u\000n\000d}{section.1}% 19
\BOOKMARK [3][-]{subsubsection.1.5.1}{\376\377\000I\000r\000r\000e\000d\000u\000c\000i\000b\000l\000e\000\040\000G\000W\000\040\000b\000a\000c\000k\000g\000r\000o\000u\000n\000d\000:\000\040\000a\000m\000p\000l\000i\000f\000i\000c\000a\000t\000i\000o\000n\000\040\000o\000f\000\040\000v\000a\000c\000u\000u\000m\000\040\000f\000l\000u\000c\000t\000u\000a\000t\000i\000o\000n\000s}{subsection.1.5}% 20
\BOOKMARK [3][-]{subsubsection.1.5.2}{\376\377\000E\000v\000o\000l\000u\000t\000i\000o\000n\000\040\000o\000f\000\040\000t\000h\000e\000\040\000i\000n\000f\000l\000a\000t\000i\000o\000n\000a\000r\000y\000\040\000b\000a\000c\000k\000g\000r\000o\000u\000n\000d\000\040\000a\000f\000t\000e\000r\000\040\000i\000n\000f\000l\000a\000t\000i\000o\000n}{subsection.1.5}% 21
\BOOKMARK [2][-]{subsection.1.6}{\376\377\000P\000r\000e\000h\000e\000a\000t\000i\000n\000g\000\040\000a\000n\000d\000\040\000o\000t\000h\000e\000r\000\040\000n\000o\000n\000-\000p\000e\000r\000t\000u\000r\000b\000a\000t\000i\000v\000e\000\040\000p\000h\000e\000n\000o\000m\000e\000n\000a}{section.1}% 22
\BOOKMARK [3][-]{subsubsection.1.6.1}{\376\377\000P\000a\000r\000a\000m\000e\000t\000r\000i\000c\000\040\000r\000e\000s\000o\000n\000a\000n\000c\000e\000\040\000o\000f\000\040\000B\000o\000s\000o\000n\000s\000.}{subsection.1.6}% 23
\BOOKMARK [4][-]{paragraph.1.6.1.1}{\376\377\000A\000n\000i\000s\000o\000t\000r\000o\000p\000i\000e\000s\000\040\000i\000n\000\040\000t\000h\000e\000\040\000g\000r\000a\000v\000i\000t\000a\000t\000i\000o\000n\000a\000l\000\040\000w\000a\000v\000e\000\040\000b\000a\000c\000k\000g\000r\000o\000u\000n\000d}{subsubsection.1.6.1}% 24
\BOOKMARK [1][-]{section.2}{\376\377\000C\000o\000s\000m\000i\000c\000\040\000I\000n\000f\000l\000a\000t\000i\000o\000n\000\040\000\050\000M\000i\000s\000h\000r\000a\000\051}{}% 25
\BOOKMARK [2][-]{subsection.2.1}{\376\377\000P\000o\000s\000t\000-\000i\000n\000f\000l\000a\000t\000i\000o\000n\000a\000r\000y\000\040\000i\000n\000f\000l\000a\000t\000o\000n\000\040\000d\000y\000n\000a\000m\000i\000c\000s\000\040\000a\000n\000d\000\040\000r\000e\000h\000e\000a\000t\000i\000n\000g\000\040\000\050\000c\000a\000p\000.\000\040\0008\000\051}{section.2}% 26
\BOOKMARK [3][-]{subsubsection.2.1.1}{\376\377\000C\000o\000h\000e\000r\000e\000n\000t\000l\000y\000\040\000o\000s\000c\000i\000l\000l\000a\000t\000i\000n\000g\000\040\000s\000c\000a\000l\000a\000r\000\040\000f\000i\000e\000l\000d}{subsection.2.1}% 27
\BOOKMARK [4][-]{paragraph.2.1.1.1}{\376\377\000T\000i\000m\000e\000-\000a\000v\000e\000r\000a\000g\000e\000d\000\040\000e\000q\000u\000a\000t\000i\000o\000n\000\040\000o\000f\000\040\000s\000t\000a\000t\000e}{subsubsection.2.1.1}% 28
\BOOKMARK [4][-]{paragraph.2.1.1.2}{\376\377\000P\000e\000r\000i\000o\000d\000\040\000o\000f\000\040\000a\000n\000\040\000a\000n\000h\000a\000r\000m\000o\000n\000i\000c\000\040\000o\000s\000c\000i\000l\000l\000a\000t\000o\000r}{subsubsection.2.1.1}% 29
\BOOKMARK [3][-]{subsubsection.2.1.2}{\376\377\000E\000x\000t\000e\000r\000n\000a\000l\000\040\000c\000o\000u\000p\000l\000i\000n\000g\000\040\000a\000n\000d\000\040\000d\000e\000c\000a\000y\000\040\000o\000f\000\040\000t\000h\000e\000\040\000i\000n\000f\000l\000a\000t\000o\000n\000\040\000c\000o\000n\000d\000e\000n\000s\000a\000t\000e}{subsection.2.1}% 30
\BOOKMARK [4][-]{paragraph.2.1.2.1}{\376\377\000P\000e\000r\000t\000u\000r\000b\000a\000t\000i\000v\000e\000\040\000r\000e\000h\000e\000a\000t\000i\000n\000g}{subsubsection.2.1.2}% 31
\BOOKMARK [4][-]{paragraph.2.1.2.2}{\376\377\000N\000o\000n\000-\000p\000e\000r\000t\000u\000r\000b\000a\000t\000i\000v\000e\000\040\000r\000e\000h\000e\000a\000t\000i\000n\000g}{subsubsection.2.1.2}% 32
\BOOKMARK [1][-]{section.3}{\376\377\000P\000r\000e\000h\000e\000a\000t\000i\000n\000g\000\040\000a\000n\000d\000\040\000g\000r\000a\000v\000i\000t\000a\000t\000i\000o\000n\000a\000l\000\040\000w\000a\000v\000e\000s\000\040\000i\000n\000\040\000l\000a\000r\000g\000e\000-\000f\000i\000e\000l\000d\000\040\000h\000i\000l\000l\000t\000o\000p\000\040\000i\000n\000f\000l\000a\000t\000i\000o\000n}{}% 33
\BOOKMARK [2][-]{subsection.3.1}{\376\377\000T\000h\000e\000\040\000B\000a\000c\000k\000g\000r\000o\000u\000n\000d\000\040\000U\000n\000i\000v\000e\000r\000s\000e}{section.3}% 34
\BOOKMARK [2][-]{subsection.3.2}{\376\377\000S\000l\000o\000w\000-\000r\000o\000l\000l}{section.3}% 35
\BOOKMARK [2][-]{subsection.3.3}{\376\377\000L\000i\000n\000e\000a\000r\000\040\000P\000r\000e\000h\000e\000a\000t\000i\000n\000g}{section.3}% 36
\BOOKMARK [1][-]{section.4}{\376\377\000G\000r\000a\000v\000i\000t\000a\000t\000i\000o\000n\000a\000l\000\040\000w\000a\000v\000e\000\040\000p\000r\000o\000d\000u\000c\000t\000i\000o\000n\000\040\000f\000r\000o\000m\000\040\000p\000r\000e\000h\000e\000a\000t\000i\000n\000g\000:\000\040\000p\000a\000r\000a\000m\000e\000t\000e\000r\000\040\000d\000e\000p\000e\000n\000d\000e\000n\000c\000e}{}% 37
\BOOKMARK [2][-]{subsection.4.1}{\376\377\000I\000n\000t\000r\000o\000d\000u\000c\000t\000i\000o\000n}{section.4}% 38
\BOOKMARK [2][-]{subsection.4.2}{\376\377\000G\000r\000a\000v\000i\000t\000a\000t\000i\000o\000n\000a\000l\000\040\000w\000a\000v\000e\000s\000\040\000f\000r\000o\000m\000\040\000p\000a\000r\000a\000m\000e\000t\000r\000i\000c\000\040\000r\000e\000s\000o\000n\000a\000n\000c\000e\000.\000\040\000A\000n\000a\000l\000y\000t\000i\000c\000\040\000e\000s\000t\000i\000m\000a\000t\000i\000o\000n}{section.4}% 39
\BOOKMARK [2][-]{subsection.4.3}{\376\377\000S\000p\000e\000c\000t\000r\000u\000m\000\040\000o\000f\000\040\000g\000r\000a\000v\000i\000t\000a\000t\000i\000o\000n\000a\000l\000\040\000w\000a\000v\000e\000s}{section.4}% 40
\BOOKMARK [1][-]{section.5}{\376\377\000C\000o\000s\000m\000o\000l\000a\000t\000t\000i\000c\000e}{}% 41
\BOOKMARK [2][-]{subsection.5.1}{\376\377\000C\000o\000n\000v\000e\000n\000c\000i\000o\000n\000e\000s}{section.5}% 42
\BOOKMARK [2][-]{subsection.5.2}{\376\377\000I\000n\000i\000c\000i\000a\000l\000i\000z\000a\000c\000i\000\363\000n}{section.5}% 43
\BOOKMARK [2][-]{subsection.5.3}{\376\377\000C\000o\000m\000a\000n\000d\000o\000s\000\040\000i\000m\000p\000o\000r\000t\000a\000n\000t\000e\000s}{section.5}% 44
\BOOKMARK [2][-]{subsection.5.4}{\376\377\0000\0004\000/\0000\0007\000/\0002\0000\0002\0005}{section.5}% 45
\BOOKMARK [3][-]{subsubsection.5.4.1}{\376\377\000M\000o\000d\000e\000l\000o}{subsection.5.4}% 46
\BOOKMARK [3][-]{subsubsection.5.4.2}{\376\377\000C\000o\000n\000d\000i\000c\000i\000o\000n\000e\000s\000\040\000i\000n\000i\000c\000i\000a\000l\000e\000s}{subsection.5.4}% 47
\BOOKMARK [3][-]{subsubsection.5.4.3}{\376\377\000L\000e\000v\000a\000n\000t\000a\000r\000\040\000l\000o\000s\000\040\000e\000s\000p\000e\000c\000t\000r\000o\000s}{subsection.5.4}% 48
\BOOKMARK [1][-]{section.6}{\376\377\000C\000h\000a\000r\000l\000a\000s\000\040\000c\000o\000n\000\040\000N\000a\000h\000u\000e}{}% 49
\BOOKMARK [2][-]{subsection.6.1}{\376\377\000V\000a\000c\000\355\000o\000\040\000d\000e\000\040\000B\000u\000n\000c\000h\000-\000D\000a\000v\000i\000e\000s\000\040\000y\000\040\000l\000a\000\040\000c\000u\000a\000n\000t\000i\000z\000a\000c\000i\000\363\000n\000\040\000d\000e\000\040\000l\000a\000s\000\040\000o\000n\000d\000a\000s\000\040\000e\000n\000\040\000i\000n\000f\000l\000a\000c\000i\000\363\000n}{section.6}% 50
\BOOKMARK [2][-]{subsection.6.2}{\376\377\000F\000u\000n\000c\000i\000\363\000n\000\040\000d\000e\000\040\000t\000r\000a\000n\000s\000f\000e\000r\000e\000n\000c\000i\000a\000\040\000d\000e\000\040\000m\000o\000d\000o\000s\000\040\000s\000u\000b\000h\000o\000r\000i\000z\000o\000n\000t\000e}{section.6}% 51
\BOOKMARK [2][-]{subsection.6.3}{\376\377\000E\000c\000u\000a\000c\000i\000\363\000n\000\040\000d\000e\000\040\000M\000a\000t\000h\000i\000e\000u}{section.6}% 52
\BOOKMARK [2][-]{subsection.6.4}{\376\377\000M\000o\000d\000e\000l\000o\000\040\000d\000e\000\040\000m\0002\000\040\0002\000\040\000c\000o\000n\000\040\000e\000x\000p\000a\000n\000s\000i\000\363\000n}{section.6}% 53
\BOOKMARK [2][-]{subsection.6.5}{\376\377\000M\000o\000d\000e\000l\000o\000\040\000d\000e\000\040\0004}{section.6}% 54
\BOOKMARK [1][-]{section.7}{\376\377\000R\000A\000F\000A\000\040\0002\0000\0002\0005}{}% 55
\BOOKMARK [2][-]{subsection.7.1}{\376\377\000R\000e\000s\000u\000m\000e\000n\000\040\000R\000A\000F\000A}{section.7}% 56
\BOOKMARK [2][-]{subsection.7.2}{\376\377\000P\000o\000s\000t\000e\000r}{section.7}% 57
